../Core/Src/main.c:989:6:ADC1_Init	4	static
../Core/Src/main.c:1014:10:ADC1_Read_Channel	24	static
../Core/Src/main.c:1032:7:Read_Temperature	16	static
../Core/Src/main.c:1038:7:Read_MQ135_PPM	24	static
../Core/Src/main.c:1052:6:delay_us	24	static
../Core/Src/main.c:1058:6:DHT11_Init	4	static
../Core/Src/main.c:1067:9:DHT11_ReadByte	16	static
../Core/Src/main.c:1078:9:DHT11_ReadData	32	static
../Core/Src/main.c:1111:6:I2C1_Init	4	static
../Core/Src/main.c:1130:6:I2C1_Start	4	static
../Core/Src/main.c:1131:6:I2C1_Stop	4	static
../Core/Src/main.c:1132:6:I2C1_SendAddress	16	static
../Core/Src/main.c:1133:6:I2C1_SendByte	16	static
../Core/Src/main.c:1236:6:OLED_WriteCmd	16	static
../Core/Src/main.c:1244:6:OLED_WriteDataStream	24	static
../Core/Src/main.c:1252:6:OLED_SetCursor	16	static
../Core/Src/main.c:1258:6:OLED_Clear	144	static
../Core/Src/main.c:1266:6:OLED_Init	8	static
../Core/Src/main.c:1284:6:OLED_PrintChar	16	static
../Core/Src/main.c:1289:6:OLED_PrintString	16	static
../Core/Src/main.c:1294:6:PWM_TIM3_Init	4	static
../Core/Src/main.c:1343:14:clamp01	16	static
../Core/Src/main.c:1350:14:compute_severity	40	static
../Core/Src/main.c:1372:13:fuzzy_compute_outputs	40	static
../Core/Src/main.c:1398:13:pwm_smooth_update	16	static
../Core/Src/main.c:1436:6:Fuzzy_UpdatePWM	24	static
../Core/Src/main.c:1446:6:SystemClock_Config	88	static
../Core/Src/main.c:1477:5:main	56	static
